---
source: crates/cc-router-tui/tests/ui.rs
expression: "render(&mut subs_app(false), 120, 40)"
---
"╭ cc-router ───────────────────────────────────────────────────────────────────────────────────── ● Connected · v9.9.9 ╮"
"│ 1 Overview   2 Subscriptions   3 Virtual models   4 Live routing   5 Logs                                            │"
"╰──────────────────────────────────────────────────────────────────────────────────────────────────────────────────────╯"
"╭ Subscriptions (3) ─────────────────────────────────────╮╭ 智谱主号 ──────────────────────────────────────────────────╮" Hidden by multi-width symbols: [(61, " "), (63, " "), (65, " "), (67, " ")]
"│      Name                 Provider     sonnet          ││ Status       ● Healthy                                     │"
"│ ▌ ●  智谱主号             智谱         glm-4.6         ││ Provider     智谱 · api_key                                │" Hidden by multi-width symbols: [(8, " "), (10, " "), (12, " "), (14, " "), (29, " "), (31, " "), (74, " "), (76, " ")]
"│   ◐  Kimi 备用            Moonshot     (pending)       ││ Endpoint     https://open.bigmodel.cn/api/anthropic        │" Hidden by multi-width symbols: [(13, " "), (15, " ")]
"│   ✕  示例中转             自定义中转   claude-sonnet-… ││ Slots                                                      │" Hidden by multi-width symbols: [(8, " "), (10, " "), (12, " "), (14, " "), (29, " "), (31, " "), (33, " "), (35, " "), (37, " ")]
"│                                                        ││   fable     glm-4.6                 auto                   │"
"│                                                        ││   opus      glm-4.6                 high                   │"
"│                                                        ││   sonnet    glm-4.6                 auto                   │"
"│                                                        ││   haiku     glm-4.5-air             auto                   │"
"│                                                        ││   fallback  (not set)                                      │"
"│                                                        ││ Quota        Daily      ━━━━━━─────   62% 620 / 1.0K       │"
"│                                                        ││ Balance      Account unavailable (out of credit or restri… │"
"│                                                        ││              余额 39.28 CNY                                │" Hidden by multi-width symbols: [(74, " "), (76, " ")]
"│                                                        ││              赠送余额 1.00 CNY 即将过期                    │" Hidden by multi-width symbols: [(74, " "), (76, " "), (78, " "), (80, " "), (92, " "), (94, " "), (96, " "), (98, " ")]
"│                                                        ││ Models       12 models cached                              │"
"│                                                        ││ Used by      model-sonnet, model-opus                      │"
"│                                                        ││ Last error   —                                             │"
"│                                                        ││                                                            │"
"│                                                        ││                                                            │"
"│                                                        ││                                                            │"
"│                                                        ││                                                            │"
"│                                                        ││                                                            │"
"│                                                        ││                                                            │"
"│                                                        ││                                                            │"
"│                                                        ││                                                            │"
"│                                                        ││                                                            │"
"│                                                        ││                                                            │"
"│                                                        ││                                                            │"
"│                                                        ││                                                            │"
"│                                                        ││                                                            │"
"│                                                        ││                                                            │"
"│                                                        ││                                                            │"
"│                                                        ││                                                            │"
"│                                                        ││                                                            │"
"│                                                        ││                                                            │"
"╰─────────────────────────────────────────────────── 1/3 ╯╰────────────────────────────────────────────────────────────╯"
" 1-5 Tabs   ↑↓ Select   ⏎ Details   e On/off   t Test   m Models   b Balance   n New   d Delete         ? Help   q Quit "
