---
source: crates/cc-router-tui/tests/ui.rs
expression: "render(&mut a, 80, 24)"
---
"╭ cc-router ──────────────────────────────────────────────── ● 已连接 · v9.9.9 ╮" Hidden by multi-width symbols: [(64, " "), (66, " "), (68, " ")]
"│ 1 总览   2 订阅   3 虚拟模型   4 实时路由   5 日志                           │" Hidden by multi-width symbols: [(5, " "), (7, " "), (14, " "), (16, " "), (23, " "), (25, " "), (27, " "), (29, " "), (36, " "), (38, " "), (40, " "), (42, " "), (49, " "), (51, " ")]
"╰──────────────────────────────────────────────────────────────────────────────╯"
"╭ 请求日志 ────────────────────────────────────────────── 过滤 智谱主号 · 失败 ╮" Hidden by multi-width symbols: [(3, " "), (5, " "), (7, " "), (9, " "), (59, " "), (61, " "), (64, " "), (66, " "), (68, " "), (70, " "), (75, " "), (77, " ")]
"│                                                                              │"
"│                                                                              │"
"│                                                                              │"
"│                                                                              │"
"│                                                                              │"
"│                                                                              │"
"│                                                                              │"
"│                                                                              │"
"│                                                                              │"
"│                      没有符合条件的请求 · Esc 清除过滤                       │" Hidden by multi-width symbols: [(24, " "), (26, " "), (28, " "), (30, " "), (32, " "), (34, " "), (36, " "), (38, " "), (40, " "), (49, " "), (51, " "), (53, " "), (55, " ")]
"│                                                                              │"
"│                                                                              │"
"│                                                                              │"
"│                                                                              │"
"│                                                                              │"
"│                                                                              │"
"│                                                                              │"
"│                                                                              │"
"╰───────────────────────────────────────────────────────── 第 1/1 页 · 共 0 条 ╯" Hidden by multi-width symbols: [(60, " "), (67, " "), (72, " "), (77, " ")]
" 1-5 切页   ↑↓ 选择   n/p 翻页   / 过滤   Esc 清除过滤          ? 帮助   q 退出 " Hidden by multi-width symbols: [(6, " "), (8, " "), (16, " "), (18, " "), (27, " "), (29, " "), (36, " "), (38, " "), (47, " "), (49, " "), (51, " "), (53, " "), (67, " "), (69, " "), (76, " "), (78, " ")]
