---
source: crates/cc-router-tui/tests/ui.rs
assertion_line: 812
expression: "render(&mut a, 80, 24)"
---
"╭ cc-router ───────────────────────────────────────────────────────── ⠯ 连接中 ╮" Hidden by multi-width symbols: [(73, " "), (75, " "), (77, " ")]
"│ 1 总览   2 订阅   3 虚拟模型   4 实时路由   5 日志                           │" Hidden by multi-width symbols: [(5, " "), (7, " "), (14, " "), (16, " "), (23, " "), (25, " "), (27, " "), (29, " "), (36, " "), (38, " "), (40, " "), (42, " "), (49, " "), (51, " ")]
"╰──────────────────────────────────────────────────────────────────────────────╯"
"╭ 新建订阅 ────────────────────────────────────────── ① 基本信息 ── ② 绑定模型 ╮" Hidden by multi-width symbols: [(3, " "), (5, " "), (7, " "), (9, " "), (57, " "), (59, " "), (61, " "), (63, " "), (71, " "), (73, " "), (75, " "), (77, " ")]
"│                                                                              │"
"│  ▌ fable       glm-4.6                                               ⏎ 选择  │" Hidden by multi-width symbols: [(74, " "), (76, " ")]
"│    opus        glm-4.6                                               ⏎ 选择  │" Hidden by multi-width symbols: [(74, " "), (76, " ")]
"│    sonnet      glm-4.6                                               ⏎ 选择  │" Hidden by multi-width symbols: [(74, " "), (76, " ")]
"│    haiku       glm-4.6                                               ⏎ 选择  │" Hidden by multi-width symbols: [(74, " "), (76, " ")]
"│    兜底        (未配置)                                              ⏎ 选择  │" Hidden by multi-width symbols: [(6, " "), (8, " "), (19, " "), (21, " "), (23, " "), (74, " "), (76, " ")]
"│                                                                              │"
"│                                   [ 保存 ]                                   │" Hidden by multi-width symbols: [(39, " "), (41, " ")]
"│                                                                              │"
"│                                                                              │"
"│                                                                              │"
"│                                                                              │"
"│                                                                              │"
"│                                                                              │"
"│                                                                              │"
"│                                                                              │"
"│                                                                              │"
"│                                                                              │"
"╰──────────────────────────────────────────────────────────────────────────────╯"
" ↑↓ 字段   ⏎ 选择                                                      Esc 取消 " Hidden by multi-width symbols: [(5, " "), (7, " "), (14, " "), (16, " "), (76, " "), (78, " ")]
