---
source: crates/cc-router-tui/tests/ui.rs
expression: "render(&mut a, 120, 40)"
---
"╭ cc-router ───────────────────────────────────────────────────────────────────────────────────── ● Connected · v9.9.9 ╮"
"│ 1 Overview   2 Subscriptions   3 Virtual models   4 Live routing   5 Logs                                            │"
"╰──────────────────────────────────────────────────────────────────────────────────────────────────────────────────────╯"
"╭ Request logs ────────────────────────────────────────────────────────────────────────────────────────────────────────╮"
"│   Time        Status    Virtual model  Subscription     Client     Model                          Latency Tokens i/o │"
"│ ▌ 06:06:40    ✓ 200     model-sonnet   智谱主号         claude-co… glm-4.6                        1.8s    12.3K/3.4K │" Hidden by multi-width symbols: [(42, " "), (44, " "), (46, " "), (48, " ")]
"│   06:03:20    ✕ 429     model-opus     Kimi 备用        —          kimi-k2                        400ms   —          │" Hidden by multi-width symbols: [(47, " "), (49, " ")]
"│   05:58:20    ✕ Timeout model-haiku    示例中转         —          claude-3-5-sonnet-20250219     —       —          │" Hidden by multi-width symbols: [(42, " "), (44, " "), (46, " "), (48, " ")]
"│   11-14 23:13 ✓ 200     model-sonnet   智谱主号         —          glm-4.6                        2.0s    500/200    │" Hidden by multi-width symbols: [(42, " "), (44, " "), (46, " "), (48, " ")]
"│                                                                                                                      │"
"│                                                                                                                      │"
"│                                                                                                                      │"
"│                                                                                                                      │"
"│                                                                                                                      │"
"│                                                                                                                      │"
"│                                                                                                                      │"
"│                                                                                                                      │"
"│                                                                                                                      │"
"│                                                                                                                      │"
"│                                                                                                                      │"
"│                                                                                                                      │"
"│                                                                                                                      │"
"│                                                                                                                      │"
"│                                                                                                                      │"
"│                                                                                                                      │"
"│                                                                                                                      │"
"│                                                                                                                      │"
"│                                                                                                                      │"
"│                                                                                                                      │"
"│                                                                                                                      │"
"│                                                                                                                      │"
"│                                                                                                                      │"
"│                                                                                                                      │"
"│                                                                                                                      │"
"│                                                                                                                      │"
"│                                                                                                                      │"
"│                                                                                                                      │"
"│                                                                                                                      │"
"╰────────────────────────────────────────────────────────────────────────────────────────────────── Page 1/1 · 4 total ╯"
" 1-5 Tabs   ↑↓ Select   n/p Page   ⏎ Details   / Filter                                                 ? Help   q Quit "
