---
source: crates/cc-router-tui/tests/ui.rs
expression: "render(&mut loaded(false), 80, 24)"
---
"╭ cc-router ───────────────────────────────────────────── ● Connected · v9.9.9 ╮"
"│ 1 Overview   2 Subscriptions   3 Virtual models   4 Live routing   5 Logs    │"
"╰──────────────────────────────────────────────────────────────────────────────╯"
"                           ▟                                                    "
"  ▟▀▙ ▟▀▙ ▄▄▄ ▜▟▜▖▟▀▙ █ █ ▝█▀ ▟▀▙ ▜▟▜▖   http://127.0.0.1:23456                 "
"  █ ▄ █ ▄     ▐▌▝▘█ █ █ █  █▗ █▀▀ ▐▌▝▘   Auth on · 4 subscriptions · 1 ready    "
"  ▝▀▘ ▝▀▘     ▀▀  ▝▀▘ ▝▀▝▘ ▝▘ ▝▀▘ ▀▀                                            "
"╭ Today ─────────────────╮╭ Requests per hour ─────────────────────────────────╮"
"│ Requests         1,284 ││ ██▆▆▅▅▄▄▂▂▁▁                          ▁▁▂▂▄▄▅▅▆▆   │"
"│ Success rate     98.6% ││ ██████████████▆▆▅▅▄▄▃▃▁▁  ▁▁▃▃▄▄▅▅▆▆████████████   │"
"│ Tokens            3.2M ││ 0h          6h          12h         18h            │"
"╰────────────────────────╯╰────────────────────────────────────────────────────╯"
"╭ Subscription health ─────────────────────────────────────────────────────────╮"
"│ ◐ Kimi 备用           Rate limited · 00:42     Daily      ━━━━━━━━━━──   91% │" Hidden by multi-width symbols: [(10, " "), (12, " ")]
"│ ✕ 示例中转            Auth failed              —                             │" Hidden by multi-width symbols: [(5, " "), (7, " "), (9, " "), (11, " ")]
"│ ● 智谱主号            Healthy                  Daily      ━━━━━━━─────   62% │" Hidden by multi-width symbols: [(5, " "), (7, " "), (9, " "), (11, " ")]
"│ ○ 停用的订阅          Disabled                 —                             │" Hidden by multi-width symbols: [(5, " "), (7, " "), (9, " "), (11, " "), (13, " ")]
"│                                                                              │"
"│                                                                              │"
"│                                                                              │"
"│                                                                              │"
"│                                                                              │"
"╰─────────────────────────────────────────────────────────────────────────── 4 ╯"
" 1-5 Tabs   r Refresh                                           ? Help   q Quit "
