---
source: crates/cc-router-tui/tests/ui.rs
expression: "render(&mut live_fixture_app(false), 80, 24)"
---
"╭ cc-router ───────────────────────────────────────────────────────── ⠻ 重连中 ╮" Hidden by multi-width symbols: [(73, " "), (75, " "), (77, " ")]
"│ 1 总览   2 订阅   3 虚拟模型   4 实时路由   5 日志                           │" Hidden by multi-width symbols: [(5, " "), (7, " "), (14, " "), (16, " "), (23, " "), (25, " "), (27, " "), (29, " "), (36, " "), (38, " "), (40, " "), (42, " "), (49, " "), (51, " ")]
"╰──────────────────────────────────────────────────────────────────────────────╯"
"╭ 最近 60 秒 ──────────────────────────────────────────────────────────── 5 次 ╮" Hidden by multi-width symbols: [(3, " "), (5, " "), (11, " "), (77, " ")]
"│                           █         █   █               █         █          │"
"│                           █         █   █               █         █          │"
"╰──────────────────────────────────────────────────────────────────────────────╯"
"╭ 实时路由 ────────────────────────────────────────────────────────────────────╮" Hidden by multi-width symbols: [(3, " "), (5, " "), (7, " "), (9, " ")]
"│   06:12:30  model-sonnet    → 智谱主号                            ✓     1.8s │" Hidden by multi-width symbols: [(33, " "), (35, " "), (37, " "), (39, " ")]
"│   06:12:40  model-opus      → Kimi 备用                           ✕    400ms │" Hidden by multi-width symbols: [(38, " "), (40, " ")]
"│   06:12:44  model-haiku     → 示例中转                            ?     中断 │" Hidden by multi-width symbols: [(33, " "), (35, " "), (37, " "), (39, " "), (75, " "), (77, " ")]
"│   06:12:45                  连接中断，期间的事件未收到                       │" Hidden by multi-width symbols: [(31, " "), (33, " "), (35, " "), (37, " "), (39, " "), (41, " "), (43, " "), (45, " "), (47, " "), (49, " "), (51, " "), (53, " "), (55, " ")]
"│   06:13:00  model-fable     → 智谱主号                            ✓        — │" Hidden by multi-width symbols: [(33, " "), (35, " "), (37, " "), (39, " ")]
"│   06:13:10  model-opus      → 示例中转                            ⠻        … │" Hidden by multi-width symbols: [(33, " "), (35, " "), (37, " "), (39, " ")]
"│                                                                              │"
"│                                                                              │"
"│                                                                              │"
"│                                                                              │"
"│                                                                              │"
"│                                                                              │"
"│                                                                              │"
"│                                                                              │"
"╰────────────────────────────────────────────────────────── 跟随最新 · 共 5 条 ╯" Hidden by multi-width symbols: [(61, " "), (63, " "), (65, " "), (67, " "), (72, " "), (77, " ")]
" 1-5 切页   空格 暂停   ↑↓ 选择   / 过滤                        ? 帮助   q 退出 " Hidden by multi-width symbols: [(6, " "), (8, " "), (13, " "), (15, " "), (18, " "), (20, " "), (28, " "), (30, " "), (37, " "), (39, " "), (67, " "), (69, " "), (76, " "), (78, " ")]
