---
source: crates/cc-router-tui/tests/ui.rs
expression: "render(&mut a, 80, 24)"
---
"╭ cc-router ───────────────────────────────────────────────────────── ⠯ 连接中 ╮" Hidden by multi-width symbols: [(73, " "), (75, " "), (77, " ")]
"│ 1 总览   2 订阅   3 虚拟模型   4 实时路由   5 日志                           │" Hidden by multi-width symbols: [(5, " "), (7, " "), (14, " "), (16, " "), (23, " "), (25, " "), (27, " "), (29, " "), (36, " "), (38, " "), (40, " "), (42, " "), (49, " "), (51, " ")]
"╰──────────────────────────────────────────────────────────────────────────────╯"
"╭ 新建订阅 ────────────────────────────────────────────────────────────────────╮" Hidden by multi-width symbols: [(3, " "), (5, " "), (7, " "), (9, " ")]
"│                                                                              │"
"│                                                                              │"
"│                                                                              │"
"│                                                                              │"
"│                                                                              │"
"│                                                                              │"
"│                                                                              │"
"│                                                                              │"
"│                                                                              │"
"│                             ⠯ 正在获取厂商列表…                              │" Hidden by multi-width symbols: [(33, " "), (35, " "), (37, " "), (39, " "), (41, " "), (43, " "), (45, " "), (47, " ")]
"│                                                                              │"
"│                                                                              │"
"│                                                                              │"
"│                                                                              │"
"│                                                                              │"
"│                                                                              │"
"│                                                                              │"
"│                                                                              │"
"╰──────────────────────────────────────────────────────────────────────────────╯"
"                                                                       Esc 取消 " Hidden by multi-width symbols: [(76, " "), (78, " ")]
