---
source: crates/cc-router-tui/tests/ui.rs
expression: "render(&mut a, 80, 24)"
---
"╭ cc-router ───────────────────────────────────────────────────── ⠯ Connecting ╮"
"│ 1 Overview   2 Subscriptions   3 Virtual models   4 Live routing   5 Logs    │"
"╰──────────────────────────────────────────────────────────────────────────────╯"
"╭ New subscription ───────────────────────────── ① Basic info ── ② Bind models ╮"
"│                                                                              │"
"│  ▌ fable       glm-4.6                                             ⏎ Select  │"
"│    opus        glm-4.6                                             ⏎ Select  │"
"│    sonnet      glm-4.6                                             ⏎ Select  │"
"│    haiku       glm-4.6                                             ⏎ Select  │"
"│    fallback    (not set)                                           ⏎ Select  │"
"│                                                                              │"
"│                                   [ Save ]                                   │"
"│                                                                              │"
"│                                                                              │"
"│                                                                              │"
"│                                                                              │"
"│                                                                              │"
"│                                                                              │"
"│                                                                              │"
"│                                                                              │"
"│                                                                              │"
"│                                                                              │"
"╰──────────────────────────────────────────────────────────────────────────────╯"
" ↑↓ Field   ⏎ Select                                                 Esc Cancel "
