---
source: crates/cc-router-tui/tests/ui.rs
expression: "render(&mut a, 80, 24)"
---
"╭ cc-router ──────────────────────────────────────────────── ● 已连接 · v9.9.9 ╮" Hidden by multi-width symbols: [(64, " "), (66, " "), (68, " ")]
"│ 1 总览   2 订阅   3 虚拟模型   4 实时路由   5 日志                           │" Hidden by multi-width symbols: [(5, " "), (7, " "), (14, " "), (16, " "), (23, " "), (25, " "), (27, " "), (29, " "), (36, " "), (38, " "), (40, " "), (42, " "), (49, " "), (51, " ")]
"╰──────────────────────────────────────────────────────────────────────────────╯"
"╭ ╭ 请求详情 ────────────────────────────────────────────────────────────────╮─╮" Hidden by multi-width symbols: [(5, " "), (7, " "), (9, " "), (11, " ")]
"│ │                                                                          │ │"
"│ │  基本信息                                                                │ │" Hidden by multi-width symbols: [(6, " "), (8, " "), (10, " "), (12, " ")]
"│ │  时间        2023-11-15 06:03:20                                         │ │" Hidden by multi-width symbols: [(6, " "), (8, " ")]
"│ │  请求 ID     r2                                                          │ │" Hidden by multi-width symbols: [(6, " "), (8, " ")]
"│ │  状态        失败 · HTTP 429                                             │ │" Hidden by multi-width symbols: [(6, " "), (8, " "), (18, " "), (20, " ")]
"│ │  虚拟模型    model-opus                                                  │ │" Hidden by multi-width symbols: [(6, " "), (8, " "), (10, " "), (12, " ")]
"│ │  真实模型    kimi-k2                                                     │ │" Hidden by multi-width symbols: [(6, " "), (8, " "), (10, " "), (12, " ")]
"│ │  订阅        Kimi 备用                                                   │ │" Hidden by multi-width symbols: [(6, " "), (8, " "), (23, " "), (25, " ")]
"│ │  厂商 / 端点 zhipu / default                                             │ │" Hidden by multi-width symbols: [(6, " "), (8, " "), (13, " "), (15, " ")]
"│ │  耗时        400ms                                                       │ │" Hidden by multi-width symbols: [(6, " "), (8, " ")]
"│ │  流式        是                                                          │ │" Hidden by multi-width symbols: [(6, " "), (8, " "), (18, " ")]
"│ │  Token       输入 — · 输出 — · 缓存写 — · 缓存读 —                       │ │" Hidden by multi-width symbols: [(18, " "), (20, " "), (27, " "), (29, " "), (36, " "), (38, " "), (40, " "), (47, " "), (49, " "), (51, " ")]
"│ │                                                                          │ │"
"│ │  错误信息                                                                │ │" Hidden by multi-width symbols: [(6, " "), (8, " "), (10, " "), (12, " ")]
"│ │  上游返回 429 Too Many Requests, 已达到本分钟请求数上限                  │ │" Hidden by multi-width symbols: [(6, " "), (8, " "), (10, " "), (12, " "), (38, " "), (40, " "), (42, " "), (44, " "), (46, " "), (48, " "), (50, " "), (52, " "), (54, " "), (56, " "), (58, " ")]
"│ │                                                                          │ │"
"│ ╰────────────────────────────────────────────────────── ↑↓ 滚动   Esc 关闭 ╯ │" Hidden by multi-width symbols: [(62, " "), (64, " "), (73, " "), (75, " ")]
"│                                                                              │"
"╰───────────────────────────────────────────────────────── 第 1/1 页 · 共 4 条 ╯" Hidden by multi-width symbols: [(60, " "), (67, " "), (72, " "), (77, " ")]
" 1-5 切页   ↑↓ 选择   n/p 翻页   ⏎ 详情   / 过滤                ? 帮助   q 退出 " Hidden by multi-width symbols: [(6, " "), (8, " "), (16, " "), (18, " "), (27, " "), (29, " "), (36, " "), (38, " "), (45, " "), (47, " "), (67, " "), (69, " "), (76, " "), (78, " ")]
