---
source: crates/cc-router-tui/tests/ui.rs
expression: "render(&mut a, 80, 24)"
---
"╭ cc-router ──────────────────────────────────────────────── ● 已连接 · v9.9.9 ╮" Hidden by multi-width symbols: [(64, " "), (66, " "), (68, " ")]
"│ 1 总览   2 订阅   3 虚拟模型   4 实时路由   5 日志                           │" Hidden by multi-width symbols: [(5, " "), (7, " "), (14, " "), (16, " "), (23, " "), (25, " "), (27, " "), (29, " "), (36, " "), (38, " "), (40, " "), (42, " "), (49, " "), (51, " ")]
"╰──────────────────────────────────────────────────────────────────────────────╯"
"╭ 请求日志 ────────────────────────────────────────────────────────────────────╮" Hidden by multi-width symbols: [(3, " "), (5, " "), (7, " "), (9, " ")]
"│   时间        状态   虚拟模型       订阅         模型     耗时   Token 入/出 │" Hidden by multi-width symbols: [(5, " "), (7, " "), (17, " "), (19, " "), (24, " "), (26, " "), (28, " "), (30, " "), (39, " "), (41, " "), (52, " "), (54, " "), (61, " "), (63, " "), (74, " "), (77, " ")]
"│ ▌ 06:06:40    ✓ 200  model-sonnet   智谱主号     glm-4.6  1.8s   12.3K/3.4K  │" Hidden by multi-width symbols: [(39, " "), (41, " "), (43, " "), (45, " ")]
"│   06:03:20    ✕ 429  model-opus     Kimi 备用    kimi-k2  400ms  —           │" Hidden by multi-width symbols: [(44, " "), (46, " ")]
"│   05:58:20    ✕ 超时 model-haiku    示例中转     claude-3 —      —           │" Hidden by multi-width symbols: [(19, " "), (21, " "), (39, " "), (41, " "), (43, " "), (45, " ")]
"│   11-14 23:13 ✓ 200  model-sonnet   智谱主号     glm-4.6  2.0s   500/200     │" Hidden by multi-width symbols: [(39, " "), (41, " "), (43, " "), (45, " ")]
"│                                                                              │"
"│                                                                              │"
"│                                                                              │"
"│                                                                              │"
"│                                                                              │"
"│                                                                              │"
"│                                                                              │"
"│                                                                              │"
"│                                                                              │"
"│                                                                              │"
"│                                                                              │"
"│                                                                              │"
"│                                                                              │"
"╰───────────────────────────────────────────────────────── 第 1/1 页 · 共 4 条 ╯" Hidden by multi-width symbols: [(60, " "), (67, " "), (72, " "), (77, " ")]
" 1-5 切页   ↑↓ 选择   n/p 翻页   ⏎ 详情   / 过滤                ? 帮助   q 退出 " Hidden by multi-width symbols: [(6, " "), (8, " "), (16, " "), (18, " "), (27, " "), (29, " "), (36, " "), (38, " "), (45, " "), (47, " "), (67, " "), (69, " "), (76, " "), (78, " ")]
