---
source: crates/cc-router-tui/tests/ui.rs
expression: "render(&mut subs_app(false), 120, 40)"
---
"╭ cc-router ────────────────────────────────────────────────────────────────────────────────────── ● 接続済み · v9.9.9 ╮" Hidden by multi-width symbols: [(102, " "), (104, " "), (106, " "), (108, " ")]
"│ 1 概要   2 サブスク   3 仮想モデル   4 リアルタイムルーティング   5 ログ                                             │" Hidden by multi-width symbols: [(5, " "), (7, " "), (14, " "), (16, " "), (18, " "), (20, " "), (27, " "), (29, " "), (31, " "), (33, " "), (35, " "), (42, " "), (44, " "), (46, " "), (48, " "), (50, " "), (52, " "), (54, " "), (56, " "), (58, " "), (60, " "), (62, " "), (64, " "), (71, " "), (73, " ")]
"╰──────────────────────────────────────────────────────────────────────────────────────────────────────────────────────╯"
"╭ サブスクリプション (3) ────────────────────────────────╮╭ 智谱主号 ──────────────────────────────────────────────────╮" Hidden by multi-width symbols: [(3, " "), (5, " "), (7, " "), (9, " "), (11, " "), (13, " "), (15, " "), (17, " "), (19, " "), (61, " "), (63, " "), (65, " "), (67, " ")]
"│      備考名               プロバイダ   sonnet          ││ ステータス      ● 正常                                     │" Hidden by multi-width symbols: [(8, " "), (10, " "), (12, " "), (29, " "), (31, " "), (33, " "), (35, " "), (37, " "), (61, " "), (63, " "), (65, " "), (67, " "), (69, " "), (79, " "), (81, " ")]
"│ ▌ ●  智谱主号             智谱         glm-4.6         ││ プロバイダ      智谱 · api_key                             │" Hidden by multi-width symbols: [(8, " "), (10, " "), (12, " "), (14, " "), (29, " "), (31, " "), (61, " "), (63, " "), (65, " "), (67, " "), (69, " "), (77, " "), (79, " ")]
"│   ◐  Kimi 备用            Moonshot     (pending)       ││ エンドポイント  https://open.bigmodel.cn/api/anthropic     │" Hidden by multi-width symbols: [(13, " "), (15, " "), (61, " "), (63, " "), (65, " "), (67, " "), (69, " "), (71, " "), (73, " ")]
"│   ✕  示例中转             自定义中转   claude-sonnet-… ││ スロット                                                   │" Hidden by multi-width symbols: [(8, " "), (10, " "), (12, " "), (14, " "), (29, " "), (31, " "), (33, " "), (35, " "), (37, " "), (61, " "), (63, " "), (65, " "), (67, " ")]
"│                                                        ││   fable           glm-4.6                 自動             │" Hidden by multi-width symbols: [(103, " "), (105, " ")]
"│                                                        ││   opus            glm-4.6                 high             │"
"│                                                        ││   sonnet          glm-4.6                 自動             │" Hidden by multi-width symbols: [(103, " "), (105, " ")]
"│                                                        ││   haiku           glm-4.5-air             自動             │" Hidden by multi-width symbols: [(103, " "), (105, " ")]
"│                                                        ││   フォールバック  (未設定)                                 │" Hidden by multi-width symbols: [(63, " "), (65, " "), (67, " "), (69, " "), (71, " "), (73, " "), (75, " "), (80, " "), (82, " "), (84, " ")]
"│                                                        ││ 上限            毎日    ━━━━━━─────   62% 620 / 1.0K       │" Hidden by multi-width symbols: [(61, " "), (63, " "), (77, " "), (79, " ")]
"│                                                        ││ 残高            アカウントを利用できません                 │" Hidden by multi-width symbols: [(61, " "), (63, " "), (77, " "), (79, " "), (81, " "), (83, " "), (85, " "), (87, " "), (89, " "), (91, " "), (93, " "), (95, " "), (97, " "), (99, " "), (101, " ")]
"│                                                        ││                 (残高不足または制限中)                     │" Hidden by multi-width symbols: [(78, " "), (80, " "), (82, " "), (84, " "), (86, " "), (88, " "), (90, " "), (92, " "), (94, " "), (96, " ")]
"│                                                        ││                 余额 39.28 CNY                             │" Hidden by multi-width symbols: [(77, " "), (79, " ")]
"│                                                        ││                 赠送余额 1.00 CNY 即将过期                 │" Hidden by multi-width symbols: [(77, " "), (79, " "), (81, " "), (83, " "), (95, " "), (97, " "), (99, " "), (101, " ")]
"│                                                        ││ モデル          12 件をキャッシュ済み                      │" Hidden by multi-width symbols: [(61, " "), (63, " "), (65, " "), (80, " "), (82, " "), (84, " "), (86, " "), (88, " "), (90, " "), (92, " "), (94, " "), (96, " ")]
"│                                                        ││ 参照            model-sonnet、model-opus                   │" Hidden by multi-width symbols: [(61, " "), (63, " "), (89, " ")]
"│                                                        ││ 直近のエラー    —                                          │" Hidden by multi-width symbols: [(61, " "), (63, " "), (65, " "), (67, " "), (69, " "), (71, " ")]
"│                                                        ││                                                            │"
"│                                                        ││                                                            │"
"│                                                        ││                                                            │"
"│                                                        ││                                                            │"
"│                                                        ││                                                            │"
"│                                                        ││                                                            │"
"│                                                        ││                                                            │"
"│                                                        ││                                                            │"
"│                                                        ││                                                            │"
"│                                                        ││                                                            │"
"│                                                        ││                                                            │"
"│                                                        ││                                                            │"
"│                                                        ││                                                            │"
"│                                                        ││                                                            │"
"│                                                        ││                                                            │"
"│                                                        ││                                                            │"
"│                                                        ││                                                            │"
"╰─────────────────────────────────────────────────── 1/3 ╯╰────────────────────────────────────────────────────────────╯"
" 1-5 タブ   ↑↓ 選択   ⏎ 詳細   e 有効/無効   t テスト   m モデル   b 残高   n 新規   d 削除           ? ヘルプ   q 終了 " Hidden by multi-width symbols: [(6, " "), (8, " "), (16, " "), (18, " "), (25, " "), (27, " "), (34, " "), (36, " "), (39, " "), (41, " "), (48, " "), (50, " "), (52, " "), (59, " "), (61, " "), (63, " "), (70, " "), (72, " "), (79, " "), (81, " "), (88, " "), (90, " "), (105, " "), (107, " "), (109, " "), (116, " "), (118, " ")]
